// Jest Snapshot v1, https://goo.gl/fbAQLP

exports[`should render About page 1`] = `
<div>
  <div
    class="grey-box aboutContainer"
  >
    <h2
      class="aboutHeader"
    >
      About iJavaScript
    </h2>
    <hr />
    <div
      class="placeholderFlex"
    >
      <img
        alt="placeholder"
        class="placeholderScaled"
      />
      <p>
        iJavaScript is a research group, founded to check different javascript frameworks based on different design patterns. 
        <br />
        <br />
        During Kick-off it will test React, Angular, Knockout and Ember JS features. This use case will prove different aspects of framework capabilities.
      </p>
    </div>
    <h3
      class="reusableComponentHeader"
    >
      Re-usable Component
    </h3>
    <div
      class="reusableComponentFlex"
    >
      <div
        class="yellow card"
      />
      <div
        class="yellow card"
      />
    </div>
  </div>
</div>
`;
